// Jest Snapshot v1, https://goo.gl/fbAQLP

exports[`Select renders correctly 1`] = `
<div>
  <div
    class="flex flex-col gap-1"
  >
    <label
      class="font-bold"
      for="some-select"
    >
      Some select
       
    </label>
    <select
      class="my-2 rounded-md px-4 py-2 ring-1 dark:bg-transparent ring-grey-400 dark:ring-slate-500"
      id="subject"
    >
      <option />
      <option />
      <option />
    </select>
  </div>
</div>
`;
